[20:25:42] ==============================================================
[20:25:42] ThermoStats daily pipeline
[20:25:42] database: postgres@db.lmbkctbetaeoovheffrt.supabase.co:5432/postgres
[20:25:42] ==============================================================
[20:25:42] START  download FIRMS
        | Requesting FIRMS data (attempt 1/3)...
        | 
        | Detections downloaded: 40,602
        | Date range: 2026-09-06 to 2026-09-06
        | Saved to: C:\Users\rahul\OneDrive\Desktop\ThermoStats\ML\data\raw\firms\firms_world_20260906_202551.csv
[20:25:52] DONE   download FIRMS  (9s)
[20:25:52] START  score alerts
        | Live file: firms_world_20260906_202551.csv
        | Live detections: 40,602
        | Known places from 2025: 687,289
        | 
        | Matched to a known 2025 place: 30,739
        | New locations (no history):    9,863
        | 
        | Alert levels:
        |   High               1,815
        |   Medium             41
        |   Low                38,739
        |   Natural (volcano)  7
        | 
        | Of 1,815 High alerts, 286 (15.8%) sit within 2 km of a known thermal power plant.
        | 
        | Top 10 alerts:
        |  latitude  longitude    frp  static_probability  alert_score alert_level                                                       why
        |  28.90779   19.77551 130.77            0.997528         99.7        High active 354 days in 2025, in 12 of 12 months, 75% at night
        |  34.89587   43.80576  62.15            0.996587         99.5        High active 345 days in 2025, in 12 of 12 months, 68% at night
        |   9.61944  -63.72435  61.10            0.996587         99.5        High active 324 days in 2025, in 12 of 12 months, 89% at night
        |   9.64340  -63.55673  51.73            0.996570         99.4        High active 335 days in 2025, in 12 of 12 months, 85% at night
        |   9.62008  -63.72866  56.62            0.996587         99.4        High active 324 days in 2025, in 12 of 12 months, 89% at night
        |  31.27171   48.11533  58.56            0.996587         99.4        High active 346 days in 2025, in 12 of 12 months, 72% at night
        |  35.62903   44.00694  54.65            0.996587         99.4        High active 339 days in 2025, in 12 of 12 months, 67% at night
        |  64.90401   75.51561  50.02            0.996824         99.4        High active 160 days in 2025, in 12 of 12 months, 70% at night
        |  -2.57701  121.38342  45.99            0.996824         99.3        High active 185 days in 2025, in 12 of 12 months, 74% at night
        |   9.64464  -63.56520  46.49            0.996570         99.3        High active 335 days in 2025, in 12 of 12 months, 85% at night
        | 
        | Saved to: data\processed\live_hotspot_alerts.csv
[20:25:56] DONE   score alerts  (4s)
[20:25:56] START  load to Supabase
        | Connecting to Supabase: postgres@db.lmbkctbetaeoovheffrt.supabase.co:5432/postgres
        | Uploading 40,602 alerts...
        | 
        | Done. Database holds 687,289 places and 40,602 alerts.
[20:26:03] DONE   load to Supabase  (7s)
[20:26:03] START  rebuild map
        | Places shown: 600
        | alert_level
        | High                 597
        | Natural (volcano)      2
        | Medium                 1
        | Saved map to: outputs\maps\hotspot_alerts_map.html
[20:26:05] DONE   rebuild map  (2s)
[20:26:05] 
[20:26:05] PIPELINE OK - 40,602 detections, 1,815 High alerts
