[19:22:18] ==============================================================
[19:22:18] ThermoStats daily pipeline
[19:22:18] database: postgres@db.lmbkctbetaeoovheffrt.supabase.co:5432/postgres
[19:22:18] ==============================================================
[19:22:18] START  download FIRMS
        | Requesting FIRMS data (attempt 1/3)...
        | 
        | Detections downloaded: 14,246
        | Date range: 2026-09-05 to 2026-09-05
        | Saved to: C:\Users\rahul\OneDrive\Desktop\ThermoStats\ML\data\raw\firms\firms_world_20260905_192223.csv
[19:22:23] DONE   download FIRMS  (5s)
[19:22:23] START  score alerts
        | Live file: firms_world_20260905_192223.csv
        | Live detections: 14,246
        | Known places from 2025: 687,289
        | 
        | Matched to a known 2025 place: 6,731
        | New locations (no history):    7,515
        | 
        | Alert levels:
        |   High               1,731
        |   Medium             40
        |   Low                12,455
        |   Natural (volcano)  20
        | 
        | Of 1,731 High alerts, 380 (22.0%) sit within 2 km of a known thermal power plant.
        | 
        | Top 10 alerts:
        |  latitude  longitude   frp  static_probability  alert_score alert_level                                                                                           why
        |  31.02734   47.28400 78.79            0.996587         99.6        High                                     active 349 days in 2025, in 12 of 12 months, 73% at night
        |  31.03129   47.28342 78.79            0.996587         99.6        High                                     active 349 days in 2025, in 12 of 12 months, 73% at night
        |  60.42585   96.51315 73.71            0.997709         99.6        High                                     active 285 days in 2025, in 12 of 12 months, 80% at night
        |  30.47508   49.09442 91.97            0.996598         99.6        High active 299 days in 2025, in 12 of 12 months, 97% at night, CONFIRMED: power plant 0.9 km away
        |  60.43521   96.25034 53.46            0.997709         99.5        High                                     active 251 days in 2025, in 12 of 12 months, 70% at night
        |  31.26941   48.11463 57.10            0.996587         99.4        High                                     active 346 days in 2025, in 12 of 12 months, 72% at night
        |  31.26986   48.11903 57.10            0.996587         99.4        High                                     active 346 days in 2025, in 12 of 12 months, 72% at night
        |  30.68657   47.33368 51.98            0.996587         99.4        High                                     active 314 days in 2025, in 12 of 12 months, 71% at night
        |  30.47558   49.09928 49.03            0.996598         99.4        High active 299 days in 2025, in 12 of 12 months, 97% at night, CONFIRMED: power plant 0.9 km away
        |  35.62646   44.00837 49.70            0.996587         99.4        High                                     active 339 days in 2025, in 12 of 12 months, 67% at night
        | 
        | Saved to: data\processed\live_hotspot_alerts.csv
[19:22:26] DONE   score alerts  (3s)
[19:22:26] START  load to Supabase
        | Connecting to Supabase: postgres@db.lmbkctbetaeoovheffrt.supabase.co:5432/postgres
        | Uploading 14,246 alerts...
        | 
        | Done. Database holds 687,289 places and 14,246 alerts.
[19:22:30] DONE   load to Supabase  (5s)
[19:22:30] START  rebuild map
        | Places shown: 600
        | alert_level
        | High                 598
        | Natural (volcano)      1
        | Medium                 1
        | Saved map to: outputs\maps\hotspot_alerts_map.html
[19:22:32] DONE   rebuild map  (1s)
[19:22:32] 
[19:22:32] PIPELINE OK - 14,246 detections, 1,731 High alerts
